******************************************************************************
                  MSP430 Linker PC v21.6.1                     
******************************************************************************
>> Linked Tue Dec 19 21:00:24 2023

OUTPUT FILE NAME:   <Oscilloscope.out>
ENTRY POINT SYMBOL: "_c_int00_noargs"  address: 0000fa78


MEMORY CONFIGURATION

         name            origin    length      used     unused   attr    fill
----------------------  --------  ---------  --------  --------  ----  --------
  SFR                   00000000   00000010  00000000  00000010  RWIX
  PERIPHERALS_8BIT      00000010   000000f0  00000000  000000f0  RWIX
  PERIPHERALS_16BIT     00000100   00000100  00000000  00000100  RWIX
  RAM                   00000200   00000200  0000017e  00000082  RWIX
  INFOD                 00001000   00000040  00000000  00000040  RWIX
  INFOC                 00001040   00000040  00000000  00000040  RWIX
  INFOB                 00001080   00000040  00000000  00000040  RWIX
  INFOA                 000010c0   00000040  00000000  00000040  RWIX
  FLASH                 0000c000   00003fde  00003b76  00000468  RWIX
  BSLSIGNATURE          0000ffde   00000002  00000002  00000000  RWIX  ffff 
  INT00                 0000ffe0   00000002  00000002  00000000  RWIX
  INT01                 0000ffe2   00000002  00000000  00000002  RWIX
  INT02                 0000ffe4   00000002  00000002  00000000  RWIX
  INT03                 0000ffe6   00000002  00000002  00000000  RWIX
  INT04                 0000ffe8   00000002  00000000  00000002  RWIX
  INT05                 0000ffea   00000002  00000002  00000000  RWIX
  INT06                 0000ffec   00000002  00000002  00000000  RWIX
  INT07                 0000ffee   00000002  00000002  00000000  RWIX
  INT08                 0000fff0   00000002  00000002  00000000  RWIX
  INT09                 0000fff2   00000002  00000002  00000000  RWIX
  INT10                 0000fff4   00000002  00000002  00000000  RWIX
  INT11                 0000fff6   00000002  00000002  00000000  RWIX
  INT12                 0000fff8   00000002  00000002  00000000  RWIX
  INT13                 0000fffa   00000002  00000002  00000000  RWIX
  INT14                 0000fffc   00000002  00000002  00000000  RWIX
  RESET                 0000fffe   00000002  00000002  00000000  RWIX


SECTION ALLOCATION MAP

 output                                  attributes/
section   page    origin      length       input sections
--------  ----  ----------  ----------   ----------------
.bss       0    00000200    00000120     UNINITIALIZED
                  00000200    00000100     (.common:adc_data_buf)
                  00000300    00000020     (.common:ADC_Buf)

.data      0    00000320    0000000e     UNINITIALIZED
                  00000320    0000000e     main.obj (.data)

.stack     0    000003b0    00000050     UNINITIALIZED
                  000003b0    00000002     rts430_eabi.lib : boot.c.obj (.stack)
                  000003b2    0000004e     --HOLE--

.const     0    0000c000    000033fa     
                  0000c000    000017c0     LCD.obj (.const:ascii_3216)
                  0000d7c0    000011d0     LCD.obj (.const:ascii_2412)
                  0000e990    000005f0     LCD.obj (.const:ascii_1608)
                  0000ef80    00000474     LCD.obj (.const:ascii_1206)
                  0000f3f4    00000006     main.obj (.const:.string)

.text      0    0000f3fa    00000760     
                  0000f3fa    00000118     LCD.obj (.text:show_char)
                  0000f512    00000088     main.obj (.text:main)
                  0000f59a    0000007c     rts430_eabi.lib : copy_decompress_lzss.c.obj (.text:decompress:lzss:__TI_decompress_lzss)
                  0000f616    00000076     main.obj (.text:TIMER0_ISR)
                  0000f68c    0000006c     LCD.obj (.text:draw_rectangle)
                  0000f6f8    00000054     main.obj (.text:TIMER1_ISR)
                  0000f74c    0000004c     rts430_eabi.lib : lsr16.asm.obj (.text)
                  0000f798    0000004a                     : fs_ltof.asm.obj (.text)
                  0000f7e2    00000048     LCD.obj (.text:setAddress)
                  0000f82a    00000044     Timer.obj (.text:Timer_initConfig)
                  0000f86e    00000042     rts430_eabi.lib : autoinit.c.obj (.text:__TI_auto_init_nobinit_nopinit:__TI_auto_init_nobinit_nopinit)
                  0000f8b0    00000042     LCD.obj (.text:draw_point)
                  0000f8f2    0000003e     LCD.obj (.text:show_string)
                  0000f930    0000002c     rts430_eabi.lib : div16s.asm.obj (.text)
                  0000f95c    0000002c                     : lsl16.asm.obj (.text)
                  0000f988    0000002a     SPI.obj (.text:SPI_initConfig)
                  0000f9b2    00000028     LCD.obj (.text:LCD_initConfig)
                  0000f9da    00000028     SPI.obj (.text:sendByte)
                  0000fa02    00000020     ADC.obj (.text:ADC_initConfig)
                  0000fa22    0000001e     LCD.obj (.text:LCD_clear)
                  0000fa40    0000001c     GPIO.obj (.text:GPIO_initConfig)
                  0000fa5c    0000001c     LCD.obj (.text:Rotate)
                  0000fa78    0000001c     rts430_eabi.lib : boot.c.obj (.text:_c_int00_noargs)
                  0000fa94    00000018     SPI.obj (.text:sendData)
                  0000faac    00000016     rts430_eabi.lib : div16u.asm.obj (.text)
                  0000fac2    00000014                     : copy_zero_init.c.obj (.text:decompress:ZI:__TI_zero_init_nomemset:__TI_zero_init_nomemset)
                  0000fad6    00000014                     : mult16.asm.obj (.text)
                  0000faea    00000012     main.obj (.text:Clk_initConfig)
                  0000fafc    00000012     rts430_eabi.lib : copy_decompress_none.c.obj (.text:decompress:none:__TI_decompress_none)
                  0000fb0e    00000012                     : memcpy.c.obj (.text:memcpy)
                  0000fb20    00000010                     : epilog.asm.obj (.text)
                  0000fb30    0000000a     main.obj (.text:ADC10_ISR)
                  0000fb3a    0000000a     SPI.obj (.text:sendCommand)
                  0000fb44    00000008     rts430_eabi.lib : isr_trap.asm.obj (.text:_isr:__TI_ISR_TRAP)
                  0000fb4c    00000006                     : exit.c.obj (.text:abort)
                  0000fb52    00000004                     : pre_init.c.obj (.text:_system_pre_init)
                  0000fb56    00000002                     : startup.c.obj (.text:_system_post_cinit)
                  0000fb58    00000002     main.obj (.text:delay)

.cinit     0    0000fb5a    0000001c     
                  0000fb5a    00000009     (.cinit..data.load) [load image, compression = lzss]
                  0000fb63    00000001     --HOLE-- [fill = 0]
                  0000fb64    00000006     (__TI_handler_table)
                  0000fb6a    00000004     (.cinit..bss.load) [load image, compression = zero_init]
                  0000fb6e    00000008     (__TI_cinit_table)

.binit     0    0000c000    00000000     

.init_array 
*          0    0000c000    00000000     UNINITIALIZED

TRAPINT    0    0000ffe0    00000002     
                  0000ffe0    00000002     rts430_eabi.lib : int00.asm.obj (.int00)

PORT1      0    0000ffe4    00000002     
                  0000ffe4    00000002     rts430_eabi.lib : int02.asm.obj (.int02)

PORT2      0    0000ffe6    00000002     
                  0000ffe6    00000002     rts430_eabi.lib : int03.asm.obj (.int03)

ADC10      0    0000ffea    00000002     
                  0000ffea    00000002     main.obj (.int05)

USCIAB0TX 
*          0    0000ffec    00000002     
                  0000ffec    00000002     rts430_eabi.lib : int06.asm.obj (.int06)

USCIAB0RX 
*          0    0000ffee    00000002     
                  0000ffee    00000002     rts430_eabi.lib : int07.asm.obj (.int07)

TIMER0_A1 
*          0    0000fff0    00000002     
                  0000fff0    00000002     main.obj (.int08)

TIMER0_A0 
*          0    0000fff2    00000002     
                  0000fff2    00000002     rts430_eabi.lib : int09.asm.obj (.int09)

WDT        0    0000fff4    00000002     
                  0000fff4    00000002     rts430_eabi.lib : int10.asm.obj (.int10)

COMPARATORA 
*          0    0000fff6    00000002     
                  0000fff6    00000002     rts430_eabi.lib : int11.asm.obj (.int11)

TIMER1_A1 
*          0    0000fff8    00000002     
                  0000fff8    00000002     main.obj (.int12)

TIMER1_A0 
*          0    0000fffa    00000002     
                  0000fffa    00000002     rts430_eabi.lib : int13.asm.obj (.int13)

NMI        0    0000fffc    00000002     
                  0000fffc    00000002     rts430_eabi.lib : int14.asm.obj (.int14)

.reset     0    0000fffe    00000002     
                  0000fffe    00000002     rts430_eabi.lib : boot.c.obj (.reset)

$fill000   0    0000ffde    00000002     
                  0000ffde    00000002     --HOLE-- [fill = ffff]

MODULE SUMMARY

       Module                       code   ro data   rw data
       ------                       ----   -------   -------
    .\
       LCD.obj                      686    13300     0      
       main.obj                     368    12        302    
       SPI.obj                      116    0         0      
       Timer.obj                    68     0         0      
       ADC.obj                      32     0         0      
       GPIO.obj                     28     0         0      
    +--+----------------------------+------+---------+---------+
       Total:                       1298   13312     302    
                                                            
    D:\CCS\ccs\tools\compiler\ti-cgt-msp430_21.6.1.LTS\lib\rts430_eabi.lib
       copy_decompress_lzss.c.obj   124    0         0      
       lsr16.asm.obj                76     0         0      
       fs_ltof.asm.obj              74     0         0      
       autoinit.c.obj               66     0         0      
       div16s.asm.obj               44     0         0      
       lsl16.asm.obj                44     0         0      
       boot.c.obj                   28     2         0      
       div16u.asm.obj               22     0         0      
       copy_zero_init.c.obj         20     0         0      
       mult16.asm.obj               20     0         0      
       copy_decompress_none.c.obj   18     0         0      
       memcpy.c.obj                 18     0         0      
       epilog.asm.obj               16     0         0      
       isr_trap.asm.obj             8      0         0      
       exit.c.obj                   6      0         0      
       pre_init.c.obj               4      0         0      
       int00.asm.obj                0      2         0      
       int02.asm.obj                0      2         0      
       int03.asm.obj                0      2         0      
       int06.asm.obj                0      2         0      
       int07.asm.obj                0      2         0      
       int09.asm.obj                0      2         0      
       int10.asm.obj                0      2         0      
       int11.asm.obj                0      2         0      
       int13.asm.obj                0      2         0      
       int14.asm.obj                0      2         0      
       startup.c.obj                2      0         0      
    +--+----------------------------+------+---------+---------+
       Total:                       590    22        0      
                                                            
       Stack:                       0      0         80     
       Linker Generated:            0      27        0      
    +--+----------------------------+------+---------+---------+
       Grand Total:                 1888   13361     382    


LINKER GENERATED COPY TABLES

__TI_cinit_table @ 0000fb6e records: 2, size/record: 4, table size: 8
	.data: load addr=0000fb5a, load size=00000009 bytes, run addr=00000320, run size=0000000e bytes, compression=lzss
	.bss: load addr=0000fb6a, load size=00000004 bytes, run addr=00000200, run size=00000120 bytes, compression=zero_init


LINKER GENERATED HANDLER TABLE

__TI_handler_table @ 0000fb64 records: 3, size/record: 2, table size: 6
	index: 0, handler: __TI_zero_init
	index: 1, handler: __TI_decompress_lzss
	index: 2, handler: __TI_decompress_none


GLOBAL SYMBOLS: SORTED ALPHABETICALLY BY Name 

address   name                          
-------   ----                          
0000004a  ADC10AE0                      
000001b0  ADC10CTL0                     
000001b2  ADC10CTL1                     
00000048  ADC10DTC0                     
00000049  ADC10DTC1                     
000001b4  ADC10MEM                      
000001bc  ADC10SA                       
0000fb30  ADC10_ISR                     
00000300  ADC_Buf                       
0000fa02  ADC_initConfig                
00000057  BCSCTL1                       
00000058  BCSCTL2                       
00000053  BCSCTL3                       
0000fb4c  C$$EXIT                       
00000059  CACTL1                        
0000005a  CACTL2                        
000010fb  CALBC1_12MHZ                  
000010f9  CALBC1_16MHZ                  
000010ff  CALBC1_1MHZ                   
000010fd  CALBC1_8MHZ                   
000010fa  CALDCO_12MHZ                  
000010f8  CALDCO_16MHZ                  
000010fe  CALDCO_1MHZ                   
000010fc  CALDCO_8MHZ                   
0000005b  CAPD                          
0000faea  Clk_initConfig                
00000056  DCOCTL                        
00000128  FCTL1                         
0000012a  FCTL2                         
0000012c  FCTL3                         
0000fa40  GPIO_initConfig               
00000000  IE1                           
00000001  IE2                           
00000002  IFG1                          
00000003  IFG2                          
0000fa22  LCD_clear                     
0000f9b2  LCD_initConfig                
00000022  P1DIR                         
00000025  P1IE                          
00000024  P1IES                         
00000023  P1IFG                         
00000020  P1IN                          
00000021  P1OUT                         
00000027  P1REN                         
00000026  P1SEL                         
00000041  P1SEL2                        
0000002a  P2DIR                         
0000002d  P2IE                          
0000002c  P2IES                         
0000002b  P2IFG                         
00000028  P2IN                          
00000029  P2OUT                         
0000002f  P2REN                         
0000002e  P2SEL                         
00000042  P2SEL2                        
0000001a  P3DIR                         
00000018  P3IN                          
00000019  P3OUT                         
00000010  P3REN                         
0000001b  P3SEL                         
00000043  P3SEL2                        
0000fa5c  Rotate                        
0000f988  SPI_initConfig                
00000172  TA0CCR0                       
00000174  TA0CCR1                       
00000176  TA0CCR2                       
00000162  TA0CCTL0                      
00000164  TA0CCTL1                      
00000166  TA0CCTL2                      
00000160  TA0CTL                        
0000012e  TA0IV                         
00000170  TA0R                          
00000192  TA1CCR0                       
00000194  TA1CCR1                       
00000196  TA1CCR2                       
00000182  TA1CCTL0                      
00000184  TA1CCTL1                      
00000186  TA1CCTL2                      
00000180  TA1CTL                        
0000011e  TA1IV                         
00000190  TA1R                          
0000f616  TIMER0_ISR                    
0000f6f8  TIMER1_ISR                    
000010db  TLV_ADC10_1_LEN               
000010da  TLV_ADC10_1_TAG               
000010c0  TLV_CHECKSUM                  
000010f7  TLV_DCO_30_LEN                
000010f6  TLV_DCO_30_TAG                
0000f82a  Timer_initConfig              
0000005d  UCA0ABCTL                     
00000062  UCA0BR0                       
00000063  UCA0BR1                       
00000060  UCA0CTL0                      
00000061  UCA0CTL1                      
0000005f  UCA0IRRCTL                    
0000005e  UCA0IRTCTL                    
00000064  UCA0MCTL                      
00000066  UCA0RXBUF                     
00000065  UCA0STAT                      
00000067  UCA0TXBUF                     
0000006a  UCB0BR0                       
0000006b  UCB0BR1                       
00000068  UCB0CTL0                      
00000069  UCB0CTL1                      
0000006c  UCB0I2CIE                     
00000118  UCB0I2COA                     
0000011a  UCB0I2CSA                     
0000006e  UCB0RXBUF                     
0000006d  UCB0STAT                      
0000006f  UCB0TXBUF                     
00000120  WDTCTL                        
00000400  __STACK_END                   
00000050  __STACK_SIZE                  
0000fb6e  __TI_CINIT_Base               
0000fb76  __TI_CINIT_Limit              
0000fb76  __TI_CINIT_Warm               
0000fb64  __TI_Handler_Table_Base       
0000fb6a  __TI_Handler_Table_Limit      
0000fb44  __TI_ISR_TRAP                 
0000f86e  __TI_auto_init_nobinit_nopinit
0000f59a  __TI_decompress_lzss          
0000fafc  __TI_decompress_none          
0000ffe0  __TI_int00                    
0000ffe4  __TI_int02                    
0000ffe6  __TI_int03                    
0000ffea  __TI_int05                    
0000ffec  __TI_int06                    
0000ffee  __TI_int07                    
0000fff0  __TI_int08                    
0000fff2  __TI_int09                    
0000fff4  __TI_int10                    
0000fff6  __TI_int11                    
0000fff8  __TI_int12                    
0000fffa  __TI_int13                    
0000fffc  __TI_int14                    
ffffffff  __TI_pprof_out_hndl           
ffffffff  __TI_prof_data_size           
ffffffff  __TI_prof_data_start          
0000fac2  __TI_zero_init_nomemset       
ffffffff  __c_args__                    
0000f930  __mspabi_divi                 
0000faac  __mspabi_divu                 
0000f798  __mspabi_fltlif               
0000fb2c  __mspabi_func_epilog_1        
0000fb2a  __mspabi_func_epilog_2        
0000fb28  __mspabi_func_epilog_3        
0000fb26  __mspabi_func_epilog_4        
0000fb24  __mspabi_func_epilog_5        
0000fb22  __mspabi_func_epilog_6        
0000fb20  __mspabi_func_epilog_7        
0000fad6  __mspabi_mpyi                 
0000fad6  __mspabi_mpyi_sw              
0000f930  __mspabi_remi                 
0000faac  __mspabi_remu                 
0000f95c  __mspabi_slli                 
0000f984  __mspabi_slli_1               
0000f972  __mspabi_slli_10              
0000f970  __mspabi_slli_11              
0000f96e  __mspabi_slli_12              
0000f96c  __mspabi_slli_13              
0000f96a  __mspabi_slli_14              
0000f968  __mspabi_slli_15              
0000f982  __mspabi_slli_2               
0000f980  __mspabi_slli_3               
0000f97e  __mspabi_slli_4               
0000f97c  __mspabi_slli_5               
0000f97a  __mspabi_slli_6               
0000f978  __mspabi_slli_7               
0000f976  __mspabi_slli_8               
0000f974  __mspabi_slli_9               
0000f74c  __mspabi_srli                 
0000f792  __mspabi_srli_1               
0000f76e  __mspabi_srli_10              
0000f76a  __mspabi_srli_11              
0000f766  __mspabi_srli_12              
0000f762  __mspabi_srli_13              
0000f75e  __mspabi_srli_14              
0000f75a  __mspabi_srli_15              
0000f78e  __mspabi_srli_2               
0000f78a  __mspabi_srli_3               
0000f786  __mspabi_srli_4               
0000f782  __mspabi_srli_5               
0000f77e  __mspabi_srli_6               
0000f77a  __mspabi_srli_7               
0000f776  __mspabi_srli_8               
0000f772  __mspabi_srli_9               
0000fa78  _c_int00_noargs               
0000fffe  _reset_vector                 
000003b0  _stack                        
0000fb56  _system_post_cinit            
0000fb52  _system_pre_init              
0000fb4c  abort                         
00000328  adcFlag                       
00000200  adc_data_buf                  
0000ef80  ascii_1206                    
0000e990  ascii_1608                    
0000d7c0  ascii_2412                    
0000c000  ascii_3216                    
00000326  dataNum                       
0000fb58  delay                         
0000f8b0  draw_point                    
0000f68c  draw_rectangle                
00000322  freq                          
0000f512  main                          
0000fb0e  memcpy                        
0000032a  posEdgeNum                    
00000320  printFlag                     
0000f9da  sendByte                      
0000fb3a  sendCommand                   
0000fa94  sendData                      
0000f7e2  setAddress                    
0000f3fa  show_char                     
0000f8f2  show_string                   


GLOBAL SYMBOLS: SORTED BY Symbol Address 

address   name                          
-------   ----                          
00000000  IE1                           
00000001  IE2                           
00000002  IFG1                          
00000003  IFG2                          
00000010  P3REN                         
00000018  P3IN                          
00000019  P3OUT                         
0000001a  P3DIR                         
0000001b  P3SEL                         
00000020  P1IN                          
00000021  P1OUT                         
00000022  P1DIR                         
00000023  P1IFG                         
00000024  P1IES                         
00000025  P1IE                          
00000026  P1SEL                         
00000027  P1REN                         
00000028  P2IN                          
00000029  P2OUT                         
0000002a  P2DIR                         
0000002b  P2IFG                         
0000002c  P2IES                         
0000002d  P2IE                          
0000002e  P2SEL                         
0000002f  P2REN                         
00000041  P1SEL2                        
00000042  P2SEL2                        
00000043  P3SEL2                        
00000048  ADC10DTC0                     
00000049  ADC10DTC1                     
0000004a  ADC10AE0                      
00000050  __STACK_SIZE                  
00000053  BCSCTL3                       
00000056  DCOCTL                        
00000057  BCSCTL1                       
00000058  BCSCTL2                       
00000059  CACTL1                        
0000005a  CACTL2                        
0000005b  CAPD                          
0000005d  UCA0ABCTL                     
0000005e  UCA0IRTCTL                    
0000005f  UCA0IRRCTL                    
00000060  UCA0CTL0                      
00000061  UCA0CTL1                      
00000062  UCA0BR0                       
00000063  UCA0BR1                       
00000064  UCA0MCTL                      
00000065  UCA0STAT                      
00000066  UCA0RXBUF                     
00000067  UCA0TXBUF                     
00000068  UCB0CTL0                      
00000069  UCB0CTL1                      
0000006a  UCB0BR0                       
0000006b  UCB0BR1                       
0000006c  UCB0I2CIE                     
0000006d  UCB0STAT                      
0000006e  UCB0RXBUF                     
0000006f  UCB0TXBUF                     
00000118  UCB0I2COA                     
0000011a  UCB0I2CSA                     
0000011e  TA1IV                         
00000120  WDTCTL                        
00000128  FCTL1                         
0000012a  FCTL2                         
0000012c  FCTL3                         
0000012e  TA0IV                         
00000160  TA0CTL                        
00000162  TA0CCTL0                      
00000164  TA0CCTL1                      
00000166  TA0CCTL2                      
00000170  TA0R                          
00000172  TA0CCR0                       
00000174  TA0CCR1                       
00000176  TA0CCR2                       
00000180  TA1CTL                        
00000182  TA1CCTL0                      
00000184  TA1CCTL1                      
00000186  TA1CCTL2                      
00000190  TA1R                          
00000192  TA1CCR0                       
00000194  TA1CCR1                       
00000196  TA1CCR2                       
000001b0  ADC10CTL0                     
000001b2  ADC10CTL1                     
000001b4  ADC10MEM                      
000001bc  ADC10SA                       
00000200  adc_data_buf                  
00000300  ADC_Buf                       
00000320  printFlag                     
00000322  freq                          
00000326  dataNum                       
00000328  adcFlag                       
0000032a  posEdgeNum                    
000003b0  _stack                        
00000400  __STACK_END                   
000010c0  TLV_CHECKSUM                  
000010da  TLV_ADC10_1_TAG               
000010db  TLV_ADC10_1_LEN               
000010f6  TLV_DCO_30_TAG                
000010f7  TLV_DCO_30_LEN                
000010f8  CALDCO_16MHZ                  
000010f9  CALBC1_16MHZ                  
000010fa  CALDCO_12MHZ                  
000010fb  CALBC1_12MHZ                  
000010fc  CALDCO_8MHZ                   
000010fd  CALBC1_8MHZ                   
000010fe  CALDCO_1MHZ                   
000010ff  CALBC1_1MHZ                   
0000c000  ascii_3216                    
0000d7c0  ascii_2412                    
0000e990  ascii_1608                    
0000ef80  ascii_1206                    
0000f3fa  show_char                     
0000f512  main                          
0000f59a  __TI_decompress_lzss          
0000f616  TIMER0_ISR                    
0000f68c  draw_rectangle                
0000f6f8  TIMER1_ISR                    
0000f74c  __mspabi_srli                 
0000f75a  __mspabi_srli_15              
0000f75e  __mspabi_srli_14              
0000f762  __mspabi_srli_13              
0000f766  __mspabi_srli_12              
0000f76a  __mspabi_srli_11              
0000f76e  __mspabi_srli_10              
0000f772  __mspabi_srli_9               
0000f776  __mspabi_srli_8               
0000f77a  __mspabi_srli_7               
0000f77e  __mspabi_srli_6               
0000f782  __mspabi_srli_5               
0000f786  __mspabi_srli_4               
0000f78a  __mspabi_srli_3               
0000f78e  __mspabi_srli_2               
0000f792  __mspabi_srli_1               
0000f798  __mspabi_fltlif               
0000f7e2  setAddress                    
0000f82a  Timer_initConfig              
0000f86e  __TI_auto_init_nobinit_nopinit
0000f8b0  draw_point                    
0000f8f2  show_string                   
0000f930  __mspabi_divi                 
0000f930  __mspabi_remi                 
0000f95c  __mspabi_slli                 
0000f968  __mspabi_slli_15              
0000f96a  __mspabi_slli_14              
0000f96c  __mspabi_slli_13              
0000f96e  __mspabi_slli_12              
0000f970  __mspabi_slli_11              
0000f972  __mspabi_slli_10              
0000f974  __mspabi_slli_9               
0000f976  __mspabi_slli_8               
0000f978  __mspabi_slli_7               
0000f97a  __mspabi_slli_6               
0000f97c  __mspabi_slli_5               
0000f97e  __mspabi_slli_4               
0000f980  __mspabi_slli_3               
0000f982  __mspabi_slli_2               
0000f984  __mspabi_slli_1               
0000f988  SPI_initConfig                
0000f9b2  LCD_initConfig                
0000f9da  sendByte                      
0000fa02  ADC_initConfig                
0000fa22  LCD_clear                     
0000fa40  GPIO_initConfig               
0000fa5c  Rotate                        
0000fa78  _c_int00_noargs               
0000fa94  sendData                      
0000faac  __mspabi_divu                 
0000faac  __mspabi_remu                 
0000fac2  __TI_zero_init_nomemset       
0000fad6  __mspabi_mpyi                 
0000fad6  __mspabi_mpyi_sw              
0000faea  Clk_initConfig                
0000fafc  __TI_decompress_none          
0000fb0e  memcpy                        
0000fb20  __mspabi_func_epilog_7        
0000fb22  __mspabi_func_epilog_6        
0000fb24  __mspabi_func_epilog_5        
0000fb26  __mspabi_func_epilog_4        
0000fb28  __mspabi_func_epilog_3        
0000fb2a  __mspabi_func_epilog_2        
0000fb2c  __mspabi_func_epilog_1        
0000fb30  ADC10_ISR                     
0000fb3a  sendCommand                   
0000fb44  __TI_ISR_TRAP                 
0000fb4c  C$$EXIT                       
0000fb4c  abort                         
0000fb52  _system_pre_init              
0000fb56  _system_post_cinit            
0000fb58  delay                         
0000fb64  __TI_Handler_Table_Base       
0000fb6a  __TI_Handler_Table_Limit      
0000fb6e  __TI_CINIT_Base               
0000fb76  __TI_CINIT_Limit              
0000fb76  __TI_CINIT_Warm               
0000ffe0  __TI_int00                    
0000ffe4  __TI_int02                    
0000ffe6  __TI_int03                    
0000ffea  __TI_int05                    
0000ffec  __TI_int06                    
0000ffee  __TI_int07                    
0000fff0  __TI_int08                    
0000fff2  __TI_int09                    
0000fff4  __TI_int10                    
0000fff6  __TI_int11                    
0000fff8  __TI_int12                    
0000fffa  __TI_int13                    
0000fffc  __TI_int14                    
0000fffe  _reset_vector                 
ffffffff  __TI_pprof_out_hndl           
ffffffff  __TI_prof_data_size           
ffffffff  __TI_prof_data_start          
ffffffff  __c_args__                    

[213 symbols]
